execve("/usr/bin/forth", ["forth"], 0x7ffd40635d90 /* 63 vars */) = 0
fcntl(0, F_GETFL)                       = 0x8000 (flags O_RDONLY|O_LARGEFILE)
fcntl(0, F_SETFL, O_RDONLY|O_NONBLOCK|O_LARGEFILE) = 0
openat(AT_FDCWD, "/usr/bin/forth", O_RDONLY) = 3
mmap(NULL, 2147483648, PROT_READ|PROT_WRITE|PROT_EXEC, MAP_PRIVATE|MAP_ANONYMOUS, 0, 0) = 0x7048e3e00000
fstat(3, {st_mode=S_IFREG|0755, st_size=61997, ...}) = 0
read(3, "FIF\0\356\f\0\0\r\16\0\0\rN\0\0\rN\0\0\350\352\360\0\0\303H\2155\25\0\0"..., 61997) = 61997
read(3, "", 0)                          = 0
nanosleep({tv_sec=0, tv_nsec=1000000}, NULL) = 0
write(1, "Welcome to SmolForth!", 21)   = 21
write(1, "\n", 1)                       = 1
read(0, "( <extasyncio.f> :; This module "..., 255) = 255
read(0, "ary-provided ASYNC_SPAWN_TASK wr"..., 251) = 251
read(0, "register or rearm fds with epoll"..., 255) = 255
read(0, "if there are other runnable task"..., 255) = 255
read(0, "  Each entry is 40 bits, the fir"..., 255) = 255
read(0, "rrelevant if the first field is "..., 254) = 254
read(0, "or RUNNABLENOFD.\n\n    The onsusp"..., 254) = 254
read(0, "kill field is set to a nullary f"..., 253) = 253
read(0, "em just serves to give us their "..., 253) = 253
openat(AT_FDCWD, "./stdlib/stdexcept.f", O_RDONLY|O_NONBLOCK) = 4
read(4, "( Dependencies: bootstrap.f, std"..., 255) = 255
read(4, "ck depths, and an address to res"..., 252) = 252
read(4, "tal\n)\n\n\n(\n    Note: all of this "..., 253) = 253
read(4, "ost entirely\n    native.\n)\n\n( St"..., 252) = 252
close(4)                                = 0
openat(AT_FDCWD, "./stdlib/stdco.f", O_RDONLY|O_NONBLOCK) = 4
read(4, "( Dependencies: bootstrap.f, std"..., 255) = 255
read(4, "to split a configurable timeslot"..., 255) = 255
read(4, "k {\n            Task *next;\n    "..., 252) = 252
read(4, "r runnable tasks and one for sus"..., 253) = 253
read(4, "e operations.\n    If either is 0"..., 246) = 246
read(4, "hus free metadata related to a t"..., 254) = 254
read(4, "is recalculated\n    and set when"..., 255) = 255
read(4, "olding an execution context asso"..., 254) = 254
read(4, "- DWORD_T prev\n        8 - QWORD"..., 255) = 255
read(4, "SE\n        36 - DWORD_T ctx.eSP_"..., 245) = 245
read(4, "STANT MAX_TASKS\n60 CONSTANT TASK"..., 252) = 252
read(4, "kill\n28 CONSTANT task.ctx\n28 CON"..., 248) = 248
read(4, "NDMACROS\n\nPOPBUFXT IFDEF STDCO_F"..., 254) = 254
close(4)                                = 0
read(0, "M\n\n5 CONSTANT ENTRY_SIZE\n65536 C"..., 244) = 244
read(0, "for an entry )\n-1 CONSTANT INVAL"..., 255) = 255
read(0, "LL_CTL_DEL\n3 CONSTANT EPOLL_CTL_"..., 252) = 252
read(0, "CONSTANT EPOLLMSG\n8192 CONSTANT "..., 255) = 255
read(0, "YNCIO_F\n\nDWORD_T TMPVAR ENTRY_AR"..., 250) = 250
read(0, "but for compatibility with\n    o"..., 255) = 255
read(0, " and count is MAXEVENTS )\n: ASYN"..., 250) = 250
read(0, "\n    -ROT\n    EPFD @d\n    233 #S"..., 254) = 254
read(0, "get rid of it so we don't make t"..., 255) = 255
read(0, "we don't close the fd, that's th"..., 255) = 255
read(0, "a task as waiting on a set of ev"..., 255) = 255
read(0, " EPOLLONESHOT for all fds since "..., 247) = 247
read(0, "data FIELD !q\n\n    ( positive st"..., 243) = 243
read(0, " it means we can rearm that one "..., 250) = 250
read(0, "   fd EPOLL_CTL_ADD ASYNCIO_EPOL"..., 255) = 255
read(0, "!d\nENDFUNC\n\n( A task that should"..., 255) = 255
read(0, " to make sure we don't max out t"..., 250) = 250
read(0, " in <stdco.f>. )\n: ASYNC_SPAWN_T"..., 245) = 245
read(0, "NKILL LITERAL OVER task.onkill F"..., 246) = 246
read(0, "io. )\n: ASYNC_START\n    0 ['] WA"..., 250) = 250
read(0, "d \n\n    ( allocate memory for re"..., 254) = 254
read(0, "ALLOC DUP -1 == IF\n        POP E"..., 254) = 225
read(0, "", 29)                         = 0
read(0, "", 28)                         = 0
close(0)                                = 0
openat(AT_FDCWD, "/dev/tty", O_RDONLY|O_NONBLOCK) = 0
read(0, 0x7048e3e00de6, 28)             = -1 EAGAIN (Resource temporarily unavailable)
poll([{fd=0, events=POLLIN}], 1, -1)    = 1 ([{fd=0, revents=POLLIN}])
read(0, "ASYNCIO_INIT FALSE ' INTERPR", 28) = 28
epoll_create(1024)                      = 4
read(0, "ET ASYNC_SPAWN_TASK SWITCH_TASK "..., 248) = 60
write(1, "1073741825", 10)              = 10
write(1, "\n", 1)                       = 1
epoll_ctl(4, EPOLL_CTL_ADD, 0, {events=EPOLLIN|EPOLLONESHOT, data=0x7fffef88}) = 0
read(0, 0x7048e3e00d46, 188)            = -1 EAGAIN (Resource temporarily unavailable)
poll([{fd=0, events=POLLIN}], 1, -1)    = 1 ([{fd=0, revents=POLLIN}])
read(0, "DUMP_TASKS\n", 188)            = 11
write(1, "-----RUNNABLE-----", 18)      = 18
write(1, "\n", 1)                       = 1
write(1, "----", 4)                     = 4
write(1, "2147479492", 10)              = 10
write(1, "----", 4)                     = 4
write(1, "\n", 1)                       = 1
write(1, "next: ", 6)                   = 6
write(1, "0", 1)                        = 1
write(1, "\n", 1)                       = 1
write(1, "prev: ", 6)                   = 6
write(1, "0", 1)                        = 1
write(1, "\n", 1)                       = 1
write(1, "timestamp: ", 11)             = 11
write(1, "9686574930314", 13)           = 13
write(1, "\n", 1)                       = 1
write(1, "runnable: ", 10)              = 10
write(1, "-1", 2)                       = 2
write(1, "\n", 1)                       = 1
write(1, "onsuspend: ", 11)             = 11
write(1, "0", 1)                        = 1
write(1, "\n", 1)                       = 1
write(1, "onkill: ", 8)                 = 8
write(1, "0", 1)                        = 1
write(1, "\n", 1)                       = 1
write(1, "dSP_BASE: ", 10)              = 10
write(1, "2143260672", 10)              = 10
write(1, "\n", 1)                       = 1
write(1, "rSP_BASE: ", 10)              = 10
write(1, "2143277056", 10)              = 10
write(1, "\n", 1)                       = 1
write(1, "eSP_BASE: ", 10)              = 10
write(1, "2143277056", 10)              = 10
write(1, "\n", 1)                       = 1
write(1, "lSP_BASE: ", 10)              = 10
write(1, "2143281152", 10)              = 10
write(1, "\n", 1)                       = 1
write(1, "dSP: ", 5)                    = 5
write(1, "2143260672", 10)              = 10
write(1, "\n", 1)                       = 1
write(1, "rSP: ", 5)                    = 5
write(1, "2143277024", 10)              = 10
write(1, "\n", 1)                       = 1
write(1, "eSP: ", 5)                    = 5
write(1, "2143277072", 10)              = 10
write(1, "\n", 1)                       = 1
write(1, "lSP: ", 5)                    = 5
write(1, "2143281152", 10)              = 10
write(1, "\n", 1)                       = 1
write(1, "------------------", 18)      = 18
write(1, "\n", 1)                       = 1
write(1, "-----SUSPENDED----", 18)      = 18
write(1, "\n", 1)                       = 1
write(1, "-----", 5)                    = 5
write(1, "2147479432", 10)              = 10
write(1, "-----", 5)                    = 5
write(1, "\n", 1)                       = 1
write(1, "next: ", 6)                   = 6
write(1, "0", 1)                        = 1
write(1, "\n", 1)                       = 1
write(1, "prev: ", 6)                   = 6
write(1, "0", 1)                        = 1
write(1, "\n", 1)                       = 1
write(1, "timestamp: ", 11)             = 11
write(1, "9685420765208", 13)           = 13
write(1, "\n", 1)                       = 1
write(1, "runnable: ", 10)              = 10
write(1, "0", 1)                        = 1
write(1, "\n", 1)                       = 1
write(1, "onsuspend: ", 11)             = 11
write(1, "63545", 5)                    = 5
write(1, "\n", 1)                       = 1
write(1, "onkill: ", 8)                 = 8
write(1, "62646", 5)                    = 5
write(1, "\n", 1)                       = 1
write(1, "dSP_BASE: ", 10)              = 10
write(1, "2142896128", 10)              = 10
write(1, "\n", 1)                       = 1
write(1, "rSP_BASE: ", 10)              = 10
write(1, "2142912512", 10)              = 10
write(1, "\n", 1)                       = 1
write(1, "eSP_BASE: ", 10)              = 10
write(1, "2142912512", 10)              = 10
write(1, "\n", 1)                       = 1
write(1, "lSP_BASE: ", 10)              = 10
write(1, "2142916608", 10)              = 10
write(1, "\n", 1)                       = 1
write(1, "dSP: ", 5)                    = 5
write(1, "2142896128", 10)              = 10
write(1, "\n", 1)                       = 1
write(1, "rSP: ", 5)                    = 5
write(1, "2142912472", 10)              = 10
write(1, "\n", 1)                       = 1
write(1, "eSP: ", 5)                    = 5
write(1, "2142912528", 10)              = 10
write(1, "\n", 1)                       = 1
write(1, "lSP: ", 5)                    = 5
write(1, "2142916608", 10)              = 10
write(1, "\n", 1)                       = 1
write(1, "------------------", 18)      = 18
write(1, "\n", 1)                       = 1
read(0, 0x7048e3e00d51, 177)            = -1 EAGAIN (Resource temporarily unavailable)
poll([{fd=0, events=POLLIN}], 1, -1)    = 1 ([{fd=0, revents=POLLIN}])
read(0, "2147479432 WAKE_TASK\n", 177)  = 21
read(0, 0x7048e3e00d66, 156)            = -1 EAGAIN (Resource temporarily unavailable)
poll([{fd=0, events=POLLIN}], 1, -1)    = 1 ([{fd=0, revents=POLLIN}])
read(0, "DUMP_TASKS\n", 156)            = 11
write(1, "-----RUNNABLE-----", 18)      = 18
write(1, "\n", 1)                       = 1
write(1, "----", 4)                     = 4
write(1, "2147479432", 10)              = 10
write(1, "----", 4)                     = 4
write(1, "\n", 1)                       = 1
write(1, "next: ", 6)                   = 6
write(1, "2147479492", 10)              = 10
write(1, "\n", 1)                       = 1
write(1, "prev: ", 6)                   = 6
write(1, "0", 1)                        = 1
write(1, "\n", 1)                       = 1
write(1, "timestamp: ", 11)             = 11
write(1, "9685420765208", 13)           = 13
write(1, "\n", 1)                       = 1
write(1, "runnable: ", 10)              = 10
write(1, "-1", 2)                       = 2
write(1, "\n", 1)                       = 1
write(1, "onsuspend: ", 11)             = 11
write(1, "63545", 5)                    = 5
write(1, "\n", 1)                       = 1
write(1, "onkill: ", 8)                 = 8
write(1, "62646", 5)                    = 5
write(1, "\n", 1)                       = 1
write(1, "dSP_BASE: ", 10)              = 10
write(1, "2142896128", 10)              = 10
write(1, "\n", 1)                       = 1
write(1, "rSP_BASE: ", 10)              = 10
write(1, "2142912512", 10)              = 10
write(1, "\n", 1)                       = 1
write(1, "eSP_BASE: ", 10)              = 10
write(1, "2142912512", 10)              = 10
write(1, "\n", 1)                       = 1
write(1, "lSP_BASE: ", 10)              = 10
write(1, "2142916608", 10)              = 10
write(1, "\n", 1)                       = 1
write(1, "dSP: ", 5)                    = 5
write(1, "2142896128", 10)              = 10
write(1, "\n", 1)                       = 1
write(1, "rSP: ", 5)                    = 5
write(1, "2142912472", 10)              = 10
write(1, "\n", 1)                       = 1
write(1, "eSP: ", 5)                    = 5
write(1, "2142912528", 10)              = 10
write(1, "\n", 1)                       = 1
write(1, "lSP: ", 5)                    = 5
write(1, "2142916608", 10)              = 10
write(1, "\n", 1)                       = 1
write(1, "------------------", 18)      = 18
write(1, "\n", 1)                       = 1
write(1, "----", 4)                     = 4
write(1, "2147479492", 10)              = 10
write(1, "----", 4)                     = 4
write(1, "\n", 1)                       = 1
write(1, "next: ", 6)                   = 6
write(1, "0", 1)                        = 1
write(1, "\n", 1)                       = 1
write(1, "prev: ", 6)                   = 6
write(1, "2147479432", 10)              = 10
write(1, "\n", 1)                       = 1
write(1, "timestamp: ", 11)             = 11
write(1, "9686574930314", 13)           = 13
write(1, "\n", 1)                       = 1
write(1, "runnable: ", 10)              = 10
write(1, "-1", 2)                       = 2
write(1, "\n", 1)                       = 1
write(1, "onsuspend: ", 11)             = 11
write(1, "0", 1)                        = 1
write(1, "\n", 1)                       = 1
write(1, "onkill: ", 8)                 = 8
write(1, "0", 1)                        = 1
write(1, "\n", 1)                       = 1
write(1, "dSP_BASE: ", 10)              = 10
write(1, "2143260672", 10)              = 10
write(1, "\n", 1)                       = 1
write(1, "rSP_BASE: ", 10)              = 10
write(1, "2143277056", 10)              = 10
write(1, "\n", 1)                       = 1
write(1, "eSP_BASE: ", 10)              = 10
write(1, "2143277056", 10)              = 10
write(1, "\n", 1)                       = 1
write(1, "lSP_BASE: ", 10)              = 10
write(1, "2143281152", 10)              = 10
write(1, "\n", 1)                       = 1
write(1, "dSP: ", 5)                    = 5
write(1, "2143260672", 10)              = 10
write(1, "\n", 1)                       = 1
write(1, "rSP: ", 5)                    = 5
write(1, "2143277024", 10)              = 10
write(1, "\n", 1)                       = 1
write(1, "eSP: ", 5)                    = 5
write(1, "2143277072", 10)              = 10
write(1, "\n", 1)                       = 1
write(1, "lSP: ", 5)                    = 5
write(1, "2143281152", 10)              = 10
write(1, "\n", 1)                       = 1
write(1, "------------------", 18)      = 18
write(1, "\n", 1)                       = 1
write(1, "-----SUSPENDED----", 18)      = 18
write(1, "\n", 1)                       = 1
read(0, 0x7048e3e00d71, 145)            = -1 EAGAIN (Resource temporarily unavailable)
poll([{fd=0, events=POLLIN}], 1, -1)    = 1 ([{fd=0, revents=POLLIN}])
read(0, "2147479432 TASKID .\n", 145)   = 20
write(1, "65534", 5)                    = 5
write(1, "\n", 1)                       = 1
read(0, 0x7048e3e00d85, 125)            = -1 EAGAIN (Resource temporarily unavailable)
poll([{fd=0, events=POLLIN}], 1, -1)    = 1 ([{fd=0, revents=POLLIN}])
read(0, "65534 5 ENTRY_ARR @d INDEX .\n", 125) = 29
write(1, "2143248374", 10)              = 10
write(1, "\n", 1)                       = 1
read(0, 0x7048e3e00da2, 96)             = -1 EAGAIN (Resource temporarily unavailable)
poll([{fd=0, events=POLLIN}], 1, -1)    = 1 ([{fd=0, revents=POLLIN}])
read(0, "2143248374 @b .\n", 96)        = 16
write(1, "1", 1)                        = 1
write(1, "\n", 1)                       = 1
read(0, 0x7048e3e00db2, 80)             = -1 EAGAIN (Resource temporarily unavailable)
poll([{fd=0, events=POLLIN}], 1, -1)    = 1 ([{fd=0, revents=POLLIN}])
read(0, "2143248374 1 + @d .\n", 80)    = 20
write(1, "0", 1)                        = 1
write(1, "\n", 1)                       = 1
read(0, 0x7048e3e00dc6, 60)             = -1 EAGAIN (Resource temporarily unavailable)
poll([{fd=0, events=POLLIN}], 1, -1)    = 1 ([{fd=0, revents=POLLIN}])
read(0, "RUNNABLE 2143248374 !b\n", 60) = 23
read(0, 0x7048e3e00ddd, 37)             = -1 EAGAIN (Resource temporarily unavailable)
poll([{fd=0, events=POLLIN}], 1, -1)    = 1 ([{fd=0, revents=POLLIN}])
read(0, "2143248374 @b .\n", 37)        = 16
write(1, "0", 1)                        = 1
write(1, "\n", 1)                       = 1
read(0, 0x7048e3e00ded, 21)             = -1 EAGAIN (Resource temporarily unavailable)
poll([{fd=0, events=POLLIN}], 1, -1)    = 1 ([{fd=0, revents=POLLIN}])
read(0, "EXIT\n", 21)                   = 5
read(0, 0x7048e3e00df2, 16)             = -1 EAGAIN (Resource temporarily unavailable)
poll([{fd=0, events=POLLIN}], 1, -1)    = 1 ([{fd=0, revents=POLLIN}])
read(0, "DUMP_TASKS\n", 16)             = 11
write(1, "-----RUNNABLE-----", 18)      = 18
write(1, "\n", 1)                       = 1
write(1, "----", 4)                     = 4
write(1, "2147479432", 10)              = 10
write(1, "----", 4)                     = 4
write(1, "\n", 1)                       = 1
write(1, "next: ", 6)                   = 6
write(1, "0", 1)                        = 1
write(1, "\n", 1)                       = 1
write(1, "prev: ", 6)                   = 6
write(1, "0", 1)                        = 1
write(1, "\n", 1)                       = 1
write(1, "timestamp: ", 11)             = 11
write(1, "9863411918152", 13)           = 13
write(1, "\n", 1)                       = 1
write(1, "runnable: ", 10)              = 10
write(1, "-1", 2)                       = 2
write(1, "\n", 1)                       = 1
write(1, "onsuspend: ", 11)             = 11
write(1, "63545", 5)                    = 5
write(1, "\n", 1)                       = 1
write(1, "onkill: ", 8)                 = 8
write(1, "62646", 5)                    = 5
write(1, "\n", 1)                       = 1
write(1, "dSP_BASE: ", 10)              = 10
write(1, "2142896128", 10)              = 10
write(1, "\n", 1)                       = 1
write(1, "rSP_BASE: ", 10)              = 10
write(1, "2142912512", 10)              = 10
write(1, "\n", 1)                       = 1
write(1, "eSP_BASE: ", 10)              = 10
write(1, "2142912512", 10)              = 10
write(1, "\n", 1)                       = 1
write(1, "lSP_BASE: ", 10)              = 10
write(1, "2142916608", 10)              = 10
write(1, "\n", 1)                       = 1
write(1, "dSP: ", 5)                    = 5
write(1, "2142896136", 10)              = 10
write(1, "\n", 1)                       = 1
write(1, "rSP: ", 5)                    = 5
write(1, "2142912464", 10)              = 10
write(1, "\n", 1)                       = 1
write(1, "eSP: ", 5)                    = 5
write(1, "2142912528", 10)              = 10
write(1, "\n", 1)                       = 1
write(1, "lSP: ", 5)                    = 5
write(1, "2142916608", 10)              = 10
write(1, "\n", 1)                       = 1
write(1, "------------------", 18)      = 18
write(1, "\n", 1)                       = 1
write(1, "-----SUSPENDED----", 18)      = 18
write(1, "\n", 1)                       = 1
read(0, 0x7048e3e00dfd, 5)              = -1 EAGAIN (Resource temporarily unavailable)
poll([{fd=0, events=POLLIN}], 1, -1)    = 1 ([{fd=0, revents=POLLIN}])
read(0, "EXIT\n", 5)                    = 5
epoll_ctl(4, EPOLL_CTL_DEL, 0, 0x7048e3e00000) = 0
write(1, "All tasks finished. Shutting dow"..., 36) = 36
write(1, "\n", 1)                       = 1
munmap(0x7048e3e00000, 2147483648)      = 0
close(3)                                = 0
exit(0)                                 = ?
+++ exited with 0 +++
